Archive member included because of file (symbol)

/cygdrive/f/coolsand/8808_tcj/soft/build/gallite_fpga/platform/base/std/lib/libstd_cool_profile.a(atoi.o)
                              (atoi)
/cygdrive/f/coolsand/8808_tcj/soft/build/gallite_fpga/platform/base/std/lib/libstd_cool_profile.a(ctype.o)
                              (_ctype)
/cygdrive/f/coolsand/8808_tcj/soft/build/gallite_fpga/platform/base/std/lib/libstd_cool_profile.a(memchr.o)
                              (memchr)
/cygdrive/f/coolsand/8808_tcj/soft/build/gallite_fpga/platform/base/std/lib/libstd_cool_profile.a(memcmp.o)
                              (memcmp)
/cygdrive/f/coolsand/8808_tcj/soft/build/gallite_fpga/platform/base/std/lib/libstd_cool_profile.a(memcpy.o)
                              (memcpy)
/cygdrive/f/coolsand/8808_tcj/soft/build/gallite_fpga/platform/base/std/lib/libstd_cool_profile.a(memmove.o)
                              (memmove)
/cygdrive/f/coolsand/8808_tcj/soft/build/gallite_fpga/platform/base/std/lib/libstd_cool_profile.a(memscan.o)
                              (memscan)
/cygdrive/f/coolsand/8808_tcj/soft/build/gallite_fpga/platform/base/std/lib/libstd_cool_profile.a(strcat.o)
                              (strcat)
/cygdrive/f/coolsand/8808_tcj/soft/build/gallite_fpga/platform/base/std/lib/libstd_cool_profile.a(strchr.o)
                              (strchr)
/cygdrive/f/coolsand/8808_tcj/soft/build/gallite_fpga/platform/base/std/lib/libstd_cool_profile.a(strcmp.o)
                              (strcmp)
/cygdrive/f/coolsand/8808_tcj/soft/build/gallite_fpga/platform/base/std/lib/libstd_cool_profile.a(strcpy.o)
                              (strcpy)
/cygdrive/f/coolsand/8808_tcj/soft/build/gallite_fpga/platform/base/std/lib/libstd_cool_profile.a(strlen.o)
                              (strlen)
/cygdrive/f/coolsand/8808_tcj/soft/build/gallite_fpga/platform/base/std/lib/libstd_cool_profile.a(strncat.o)
                              (strncat)
/cygdrive/f/coolsand/8808_tcj/soft/build/gallite_fpga/platform/base/std/lib/libstd_cool_profile.a(strncmp.o)
                              (strncmp)
/cygdrive/f/coolsand/8808_tcj/soft/build/gallite_fpga/platform/base/std/lib/libstd_cool_profile.a(strncpy.o)
                              (strncpy)
/cygdrive/f/coolsand/8808_tcj/soft/build/gallite_fpga/platform/base/std/lib/libstd_cool_profile.a(strnicmp.o)
                              (strnicmp)
/cygdrive/f/coolsand/8808_tcj/soft/build/gallite_fpga/platform/base/std/lib/libstd_cool_profile.a(strsep.o)
                              (strsep)
/cygdrive/f/coolsand/8808_tcj/soft/build/gallite_fpga/platform/base/std/lib/libstd_cool_profile.a(strstr.o)
                              (strstr)
/cygdrive/f/coolsand/8808_tcj/soft/build/gallite_fpga/platform/base/std/lib/libstd_cool_profile.a(vsscanf.o)
                              (vsscanf)
/cygdrive/f/coolsand/8808_tcj/soft/build/gallite_fpga/platform/base/std/lib/libstd_cool_profile.a(strtol.o)
                              /cygdrive/f/coolsand/8808_tcj/soft/build/gallite_fpga/platform/base/std/lib/libstd_cool_profile.a(vsscanf.o) (strtol)
/cygdrive/f/coolsand/8808_tcj/soft/build/gallite_fpga/platform/base/std/lib/libstd_cool_profile.a(strtoul.o)
                              /cygdrive/f/coolsand/8808_tcj/soft/build/gallite_fpga/platform/base/std/lib/libstd_cool_profile.a(vsscanf.o) (strtoul)
/cygdrive/f/coolsand/8808_tcj/soft/build/gallite_fpga/platform/chip/bcpu/lib/libbcpu_cool_profile.a(bcpu_rom.o)
                              (__bcpu_start)
/cygdrive/f/coolsand/8808_tcj/soft/build/gallite_fpga/platform/chip/bcpu/lib/libbcpu_cool_profile.a(spal_cache.o)
                              (spal_InvalidateDcache)
/cygdrive/f/coolsand/8808_tcj/soft/build/gallite_fpga/platform/chip/bcpu/lib/libbcpu_cool_profile.a(spal_cfg.o)
                              (spal_Open)
/cygdrive/f/coolsand/8808_tcj/soft/build/gallite_fpga/platform/chip/bcpu/lib/libbcpu_cool_profile.a(spal_debug.o)
                              (spal_DbgHstSendEvent)
/cygdrive/f/coolsand/8808_tcj/soft/build/gallite_fpga/platform/chip/bcpu/lib/libbcpu_cool_profile.a(spal_irq.o)
                              (spal_IrqSetMask)
/cygdrive/f/coolsand/8808_tcj/soft/build/gallite_fpga/platform/chip/bcpu/lib/libbcpu_cool_profile.a(spal_irq_handler.o)
                              (__bb_int_handler)
/cygdrive/f/coolsand/8808_tcj/soft/build/gallite_fpga/platform/chip/bcpu/lib/libbcpu_cool_profile.a(spal_itlv.o)
                              (spal_ItlvItlv)
/cygdrive/f/coolsand/8808_tcj/soft/build/gallite_fpga/platform/chip/bcpu/lib/libbcpu_cool_profile.a(spal_version.o)
                              (g_spalMapVersion)
/cygdrive/f/coolsand/8808_tcj/soft/build/gallite_fpga/platform/chip/bcpu/lib/libbcpu_cool_profile.a(spal_vitac.o)
                              (spal_VitacBusy)
/cygdrive/f/coolsand/8808_tcj/soft/build/gallite_fpga/platform/chip/bcpu/lib/libbcpu_cool_profile.a(spal_xcor.o)
                              (spal_XcorTscxcNb)
[...]
Memory Configuration

Name             Origin             Length             Attributes
*default*        0x0000000000000000 0xffffffffffffffff

Linker script and memory map

LOAD /cygdrive/f/coolsand/8808_tcj/soft/build/gallite_fpga/platform_test/rom/int_rom_programmer/obj/cool_profile/stub.o

.internal_rom   0xffffffff81e00000    0x149b0
                0xffffffff81e00000                __int_rom_main = .
                0xffffffff81e00000                _int_rom_start = .
 *boot_rom.o(.text .text.*)
 .text          0xffffffff81e00000      0x500 /cygdrive/f/coolsand/8808_tcj/soft/build/gallite_fpga/platform/chip/boot/lib/libboot_cool_profile.a(boot_rom.o)
                0xffffffff81e00000                __xcpu_start
                0xffffffff81e00180                _boot_IrqHandler
                0xffffffff81e002c0                boot_HstMonitorX
                0xffffffff81e00320                boot_DbgExlTrigFunction0
                0xffffffff81e0047c                monitor_entry
                0xffffffff81e00480                initial_stack_top_var
                0xffffffff81e00484                boot_FlushCache
                0xffffffff81e004a8                boot_DisableInterrupt
 *boot_rom.o(.rdata)
 *boot_rom.o(.rodata .rodata.str1.4 .rodata.*)
 *boot_monitor.o(.text .text.*)
 .text          0xffffffff81e00500      0x1c8 /cygdrive/f/coolsand/8808_tcj/soft/build/gallite_fpga/platform/chip/boot/lib/libboot_cool_profile.a(boot_monitor.o)
                0xffffffff81e00501                boot_MonitorDoMonitoring
                0xffffffff81e00671                boot_Monitor
 *boot_monitor.o(.rdata)
 *boot_monitor.o(.rodata .rodata.str1.4 .rodata.*)
 *boot_host.o(.text .text.*)
 .text          0xffffffff81e006c8      0x104 /cygdrive/f/coolsand/8808_tcj/soft/build/gallite_fpga/platform/chip/boot/lib/libboot_cool_profile.a(boot_host.o)
                0xffffffff81e006c9                mon_Event
                0xffffffff81e00701                boot_HstCmdBasicHandler
                0xffffffff81e00761                boot_HstMonitor
 *boot_host.o(.rdata)
 *boot_host.o(.rodata .rodata.str1.4 .rodata.*)
 *memcpy.o(.text .text.* .rdata .rodata .rodata.str1.4 .rodata.*)
 *fill*         0xffffffff81e007cc        0x4 00
 .text          0xffffffff81e007d0      0x1d0 /cygdrive/f/coolsand/8808_tcj/soft/build/gallite_fpga/platform/base/std/lib/libstd_cool_profile.a(memcpy.o)
                0xffffffff81e007d1                memcpy
 *memset.o(.text .text.* .rdata .rodata .rodata.str1.4 .rodata.*)
 .text          0xffffffff81e009a0       0x90 /cygdrive/f/coolsand/8808_tcj/soft/build/gallite_fpga/platform/base/std/lib/libstd_cool_profile.a(memset.o)
                0xffffffff81e009a1                memset
 *spp_math.o(.text .text.* .rodata .rodata.str1.4 .rodata.*)
 .text          0xffffffff81e00a30      0x230 /cygdrive/f/coolsand/8808_tcj/soft/build/gallite_fpga/platform/chip/bcpu/lib/libbcpu_cool_profile.a(spp_math.o)
                0xffffffff81e00a31                spp_10log10
                0xffffffff81e00af1                spp_Log2
                0xffffffff81e00bb1                spp_DivL
 *spc_tables.o(.text .text.* .rodata .rodata.str1.4 .rodata.*)
 .text          0xffffffff81e00c60        0x0 /cygdrive/f/coolsand/8808_tcj/soft/build/gallite_fpga/platform/chip/bcpu/lib/libbcpu_cool_profile.a(spc_tables.o)
 .rodata        0xffffffff81e00c60      0x1a0 /cygdrive/f/coolsand/8808_tcj/soft/build/gallite_fpga/platform/chip/bcpu/lib/libbcpu_cool_profile.a(spc_tables.o)
                0xffffffff81e00c60                AFSfilterCI
                0xffffffff81e00d2c                AHSfilterCI
                0xffffffff81e00d94                MutedFrame_AMR
                0xffffffff81e00d9c                MutedFrame_HR
                0xffffffff81e00dac                MutedFrame_EFR
                0xffffffff81e00dcc                MutedFrame_FR
                0xffffffff81e00df0                spcSizeFromMCS
 *boot_romstring.o(.text .text.* .rdata .rodata .rodata.str1.4 .rodata.*)
 .text          0xffffffff81e00e00        0x0 /cygdrive/f/coolsand/8808_tcj/soft/build/gallite_fpga/platform/chip/boot/lib/libboot_cool_profile.a(boot_romstring.o)
 .rodata        0xffffffff81e00e00      0x134 /cygdrive/f/coolsand/8808_tcj/soft/build/gallite_fpga/platform/chip/boot/lib/libboot_cool_profile.a(boot_romstring.o)
                0xffffffff81e00e00                boot_romCsString
                0xffffffff81e00e34                boot_romDT
                0xffffffff81e00ff8                . = 0xff8
 *fill*         0xffffffff81e00f34       0xc4 00
 *boot_usb.o(.usbFixptr)
 .usbFixptr     0xffffffff81e00ff8        0x4 /cygdrive/f/coolsand/8808_tcj/soft/build/gallite_fpga/platform/chip/boot/lib/libboot_cool_profile.a(boot_usb.o)
                0xffffffff81e00ffc                . = 0xffc
 *boot_usb_monitor.o(.usbmonitorFixptr)
 .usbmonitorFixptr
                0xffffffff81e00ffc        0x4 /cygdrive/f/coolsand/8808_tcj/soft/build/gallite_fpga/platform/chip/boot/lib/libboot_cool_profile.a(boot_usb_monitor.o)
                0xffffffff81e00ffc                g_BootHostUsbFixPtr
                0xffffffff81e01000                . = 0x1000
 *bcpu_rom.o(.text .text.*)
 .text          0xffffffff81e01000       0x54 /cygdrive/f/coolsand/8808_tcj/soft/build/gallite_fpga/platform/chip/bcpu/lib/libbcpu_cool_profile.a(bcpu_rom.o)
                0xffffffff81e01000                __bcpu_start
                0xffffffff81e01024                __bcpu_init
 *bcpu_rom.o(.rdata)
 *bcpu_rom.o(.rodata .rodata.str1.4 .rodata.*)
 *boot_irq_dispatch.o(.text .text.* .rdata .rodata .rodata.str1.4 .rodata.*)
 .text          0xffffffff81e01054       0x30 /cygdrive/f/coolsand/8808_tcj/soft/build/gallite_fpga/platform/chip/boot/lib/libboot_cool_profile.a(boot_irq_dispatch.o)
                0xffffffff81e01055                boot_IrqDispatch
 *spal_cipher.o(.text .text.* .rodata .rodata.str1.4 .rodata.*)
 *fill*         0xffffffff81e01084        0xc 00
 .text          0xffffffff81e01090       0xf0 /cygdrive/f/coolsand/8808_tcj/soft/build/gallite_fpga/platform/chip/bcpu/lib/libbcpu_cool_profile.a(spal_cipher.o)
                0xffffffff81e01091                spal_CipherCountInit
                0xffffffff81e010b1                spal_CipherStart
                0xffffffff81e01101                spal_CipherCipherNb
                0xffffffff81e01151                spal_CipherDecipherNb
                0xffffffff81e01180                . = 0x1180
 *spal_irq_handler.o(.text .text.* .rdata .rodata .rodata.str1.4 .rodata.*)
 .text          0xffffffff81e01180      0x2ec /cygdrive/f/coolsand/8808_tcj/soft/build/gallite_fpga/platform/chip/bcpu/lib/libbcpu_cool_profile.a(spal_irq_handler.o)
                0xffffffff81e01180                __bb_int_handler
                0xffffffff81e01438                spal_BbGetSp
                0xffffffff81e01440                spal_IrqInit
 *boot_ispi.o(.text .text.* .rodata .rodata.str1.4 .rodata.*)
 .text          0xffffffff81e0146c      0x4e8 /cygdrive/f/coolsand/8808_tcj/soft/build/gallite_fpga/platform/chip/boot/lib/libboot_cool_profile.a(boot_ispi.o)
                0xffffffff81e0146d                boot_IspiGetRomedCfg
                0xffffffff81e014f9                boot_IspiOpen
                0xffffffff81e015e1                boot_IspiFlushFifos
                0xffffffff81e015f1                boot_IspiClearRxDmaDone
                0xffffffff81e01601                boot_IspiClearTxDmaDone
                0xffffffff81e01611                boot_IspiClose
                0xffffffff81e01655                boot_IspiRxIfcChannelRelease
                0xffffffff81e0166d                boot_IspiTxIfcChannelRelease
                0xffffffff81e01685                boot_IspiSendData
                0xffffffff81e016e1                boot_IspiSendDataBuffer
                0xffffffff81e0174d                boot_IspiTxFifoAvail
                0xffffffff81e01769                boot_IspiTxDmaDone
                0xffffffff81e01799                boot_IspiTxFinished
                0xffffffff81e017c5                boot_IspiGetData
                0xffffffff81e017f5                boot_IspiGetDataBuffer
                0xffffffff81e01861                boot_IspiRxFifoLevel
                0xffffffff81e01879                boot_IspiRxDmaDone
                0xffffffff81e018a9                boot_IspiForcePin
                0xffffffff81e0193d                boot_IspiGetRxIfcTc
 .rodata        0xffffffff81e01954       0x24 /cygdrive/f/coolsand/8808_tcj/soft/build/gallite_fpga/platform/chip/boot/lib/libboot_cool_profile.a(boot_ispi.o)
                0xffffffff81e01954                g_bootIspiRomedCfg
 *boot_dma.o(.text .text.* .rodata .rodata.str1.4 .rodata.*)
 .text          0xffffffff81e01978       0x6c /cygdrive/f/coolsand/8808_tcj/soft/build/gallite_fpga/platform/chip/boot/lib/libboot_cool_profile.a(boot_dma.o)
                0xffffffff81e01979                boot_DmaCopy
                0xffffffff81e019a9                boot_DmaSet
 *boot_nand.o(.text .text.* .rodata .rodata.str1.4 .rodata.*)
 .text          0xffffffff81e019e4       0xfc /cygdrive/f/coolsand/8808_tcj/soft/build/gallite_fpga/platform/chip/boot/lib/libboot_cool_profile.a(boot_nand.o)
                0xffffffff81e019e5                boot_NandOpen
                0xffffffff81e01a25                boot_NandGetPageSize
                0xffffffff81e01a45                boot_NandReadByPageNum
                0xffffffff81e01a81                boot_NandReadPages
 *boot_uart_monitor.o(.text .text.* .rodata .rodata.str1.4 .rodata.*)
 .text          0xffffffff81e01ae0      0x8e0 /cygdrive/f/coolsand/8808_tcj/soft/build/gallite_fpga/platform/chip/boot/lib/libboot_cool_profile.a(boot_uart_monitor.o)
                0xffffffff81e01ae1                boot_UartMonitorGetBaudRate
                0xffffffff81e01af5                boot_UartMonitorSend
                0xffffffff81e01b59                boot_UartMonitorGet
                0xffffffff81e01bbd                boot_UartMonitorOpen
                0xffffffff81e01bf5                boot_UartMonitorClose
                0xffffffff81e01c05                boot_UartMonitorAck
                0xffffffff81e01c91                boot_UartMonitorTimeOut
                0xffffffff81e01cb9                boot_UartMonitorWriteProcess
                0xffffffff81e01e01                boot_UartMonitorRpcProcess
                0xffffffff81e01f49                boot_UartMonitorReadProcess
                0xffffffff81e02109                boot_UartMonitorExitProcess
                0xffffffff81e0215d                boot_UartMonitorProcess
                0xffffffff81e02205                boot_UartMonitor
 .rodata.str1.4
                0xffffffff81e023c0       0x2c /cygdrive/f/coolsand/8808_tcj/soft/build/gallite_fpga/platform/chip/boot/lib/libboot_cool_profile.a(boot_uart_monitor.o)
 *boot_usb.o(.text .text.* .rodata .rodata.str1.4 .rodata.*)
 .text          0xffffffff81e023ec     0x1478 /cygdrive/f/coolsand/8808_tcj/soft/build/gallite_fpga/platform/chip/boot/lib/libboot_cool_profile.a(boot_usb.o)
                0xffffffff81e0242d                boot_UsbResetTransfert
                0xffffffff81e02455                boot_UsbStartTransfert
                0xffffffff81e02555                boot_UsbCancelTransfert
                0xffffffff81e0257d                boot_UsbContinueTransfert
                0xffffffff81e02ae5                boot_UsbInitVar
                0xffffffff81e02b0d                boot_UsbOpen
                0xffffffff81e02b2d                boot_UsbEpStall
                0xffffffff81e02bb5                boot_UsbRecv
                0xffffffff81e02bfd                boot_UsbSend
                0xffffffff81e02c81                boot_UsbCompletedCommand
                0xffffffff81e02cc9                boot_UsbEpEnableInterrupt
                0xffffffff81e02d19                boot_UsbEpRxTransferedSize
                0xffffffff81e02d35                boot_UsbEpTransfertDone
                0xffffffff81e02df1                boot_UsbClose
                0xffffffff81e02e2d                boot_UsbReset
                0xffffffff81e035b5                boot_UsbIrqHandler
 .rodata.str1.4
                0xffffffff81e03864       0x16 /cygdrive/f/coolsand/8808_tcj/soft/build/gallite_fpga/platform/chip/boot/lib/libboot_cool_profile.a(boot_usb.o)
                                         0x18 (size before relaxing)
 *fill*         0xffffffff81e0387a        0x2 00
 .rodata        0xffffffff81e0387c        0x4 /cygdrive/f/coolsand/8808_tcj/soft/build/gallite_fpga/platform/chip/boot/lib/libboot_cool_profile.a(boot_usb.o)
 *boot_usb_monitor.o(.text .text.* .rdata .rodata .rodata.str1.4 .rodata.*)
 .text          0xffffffff81e03880      0x784 /cygdrive/f/coolsand/8808_tcj/soft/build/gallite_fpga/platform/chip/boot/lib/libboot_cool_profile.a(boot_usb_monitor.o)
                0xffffffff81e03881                boot_HostUsbDeviceCallback
                0xffffffff81e0388d                boot_HostUsbClockEnable
                0xffffffff81e038c5                boot_HostUsbClose
                0xffffffff81e038d5                boot_HostUsbSend
                0xffffffff81e03a31                boot_HostUsbEvent
                0xffffffff81e03ec1                boot_HostUsbRecv
                0xffffffff81e03f59                boot_HostUsbInit
                0xffffffff81e03fd1                boot_HostUsbOpen
 .rodata.str1.4
                0xffffffff81e04004       0x3c /cygdrive/f/coolsand/8808_tcj/soft/build/gallite_fpga/platform/chip/boot/lib/libboot_cool_profile.a(boot_usb_monitor.o)
 .rodata        0xffffffff81e04040       0x80 /cygdrive/f/coolsand/8808_tcj/soft/build/gallite_fpga/platform/chip/boot/lib/libboot_cool_profile.a(boot_usb_monitor.o)
                0xffffffff81e04040                boot_HostUsbInterface
 *spal_gdb*.o(.text .text.* .rdata .rodata .rodata.str1.4 .rodata.*)
 .text          0xffffffff81e040c0       0x10 /cygdrive/f/coolsand/8808_tcj/soft/build/gallite_fpga/platform/chip/bcpu/lib/libbcpu_cool_profile.a(spal_gdb.o)
                0xffffffff81e040c0                spal_DbgGdbPrintf
 .rodata        0xffffffff81e040d0       0x40 /cygdrive/f/coolsand/8808_tcj/soft/build/gallite_fpga/platform/chip/bcpu/lib/libbcpu_cool_profile.a(spal_gdb.o)
                0xffffffff81e040d0                spal_GdbGBreak
 .text          0xffffffff81e04110      0xdb0 /cygdrive/f/coolsand/8808_tcj/soft/build/gallite_fpga/platform/chip/bcpu/lib/libbcpu_cool_profile.a(spal_gdb_stub.o)
                0xffffffff81e04111                spal_DbgGdbHstSendEvent
                0xffffffff81e04131                spal_GdbOpen
                0xffffffff81e04171                spal_GdbBreaks
                0xffffffff81e041a1                spal_GdbBreakPrint
                0xffffffff81e04211                spal_GdbPrepare
                0xffffffff81e04231                spal_GdbSendcmd
                0xffffffff81e04271                spal_Gdb16Step
                0xffffffff81e04601                spal_Gdb32Step
                0xffffffff81e04861                spal_Gdb16EndStep
                0xffffffff81e04891                spal_Gdb32EndStep
                0xffffffff81e048b1                spal_GdbLoop
                0xffffffff81e04b61                spal_GdbException
                0xffffffff81e04bf1                spal_GdbIrqDebug
                0xffffffff81e04c61                spal_GdbBreakRaise
                0xffffffff81e04d01                spal_GdbBreakSoftBreakPoint
                0xffffffff81e04da1                spal_GdbBreakBreakPoint
                0xffffffff81e04e11                spal_GdbBreakDivBy0
 .rodata        0xffffffff81e04ec0       0x44 /cygdrive/f/coolsand/8808_tcj/soft/build/gallite_fpga/platform/chip/bcpu/lib/libbcpu_cool_profile.a(spal_gdb_stub.o)
 *spal_debug.o(.text .text.* .rdata .rodata .rodata.str1.4 .rodata.*)
 *fill*         0xffffffff81e04f04        0xc 00
 .text          0xffffffff81e04f10       0x90 /cygdrive/f/coolsand/8808_tcj/soft/build/gallite_fpga/platform/chip/bcpu/lib/libbcpu_cool_profile.a(spal_debug.o)
                0xffffffff81e04f11                spal_DbgPxtsDump
                0xffffffff81e04f41                spal_DbgHstSendEvent
 *spp_cipher.o(.text .text.* .rodata .rodata.str1.4 .rodata.*)
 .text          0xffffffff81e04fa0       0x50 /cygdrive/f/coolsand/8808_tcj/soft/build/gallite_fpga/platform/chip/bcpu/lib/libbcpu_cool_profile.a(spp_cipher.o)
                0xffffffff81e04fa1                spp_CipherDecipherNb
                0xffffffff81e04fb1                spp_CipherCipherNb
                0xffffffff81e04fc1                spp_CipherStart
                0xffffffff81e04fe1                spp_CipherCountInit
 *spp_fcch_detect_asm.o(.text .text.* .rodata .rodata.str1.4 .rodata.*)
 .text          0xffffffff81e04ff0      0x3fc /cygdrive/f/coolsand/8808_tcj/soft/build/gallite_fpga/platform/chip/bcpu/lib/libbcpu_cool_profile.a(spp_fcch_detect_asm.o)
                0xffffffff81e04ff0                spp_FcchDetectAsm
 *spp_*.o(.text .text.* .rodata .rodata.str1.4 .rodata.*)
 *fill*         0xffffffff81e053ec        0x4 00
 .text          0xffffffff81e053f0       0x30 /cygdrive/f/coolsand/8808_tcj/soft/build/gallite_fpga/platform/chip/bcpu/lib/libbcpu_cool_profile.a(spp_cfg.o)
                0xffffffff81e053f1                spp_Open
 .text          0xffffffff81e05420      0x320 /cygdrive/f/coolsand/8808_tcj/soft/build/gallite_fpga/platform/chip/bcpu/lib/libbcpu_cool_profile.a(spp_fcch_detect.o)
                0xffffffff81e05420                spp_FcchDetect
 .text          0xffffffff81e05740      0x590 /cygdrive/f/coolsand/8808_tcj/soft/build/gallite_fpga/platform/chip/bcpu/lib/libbcpu_cool_profile.a(spp_gsm_amr_rx.o)
                0xffffffff81e05741                spp_GetAmrIc
                0xffffffff81e05861                spp_SearchAmrMarker
 .text          0xffffffff81e05cd0     0x18e0 /cygdrive/f/coolsand/8808_tcj/soft/build/gallite_fpga/platform/chip/bcpu/lib/libbcpu_cool_profile.a(spp_gsm_decoder.o)
                0xffffffff81e05cd1                spp_ReorderFR_EFR
                0xffffffff81e06101                spp_DecodeBlock
 .text          0xffffffff81e075b0      0xe20 /cygdrive/f/coolsand/8808_tcj/soft/build/gallite_fpga/platform/chip/bcpu/lib/libbcpu_cool_profile.a(spp_gsm_equalizer.o)
                0xffffffff81e075b1                spp_TofSearch
                0xffffffff81e08091                spp_EqualizeDecodeSch
                0xffffffff81e08231                spp_EqualizeNBurst
 .text          0xffffffff81e083d0      0xf40 /cygdrive/f/coolsand/8808_tcj/soft/build/gallite_fpga/platform/chip/bcpu/lib/libbcpu_cool_profile.a(spp_gsm_rx.o)
                0xffffffff81e083d1                spp_GetUSF
                0xffffffff81e084e1                spp_DecodeStealingBits
                0xffffffff81e085f1                spp_GetChannelType
                0xffffffff81e087f1                spp_GetMonPower
                0xffffffff81e08841                spp_DeinterleaveBlock
                0xffffffff81e08891                spp_SearchFcch_Filter
                0xffffffff81e08d71                spp_SearchFcch
 .rodata        0xffffffff81e09310       0x18 /cygdrive/f/coolsand/8808_tcj/soft/build/gallite_fpga/platform/chip/bcpu/lib/libbcpu_cool_profile.a(spp_gsm_rx.o)
 .text          0xffffffff81e09328        0x0 /cygdrive/f/coolsand/8808_tcj/soft/build/gallite_fpga/platform/chip/bcpu/lib/libbcpu_cool_profile.a(spp_gsm_tables.o)
 .rodata        0xffffffff81e09328     0x1f40 /cygdrive/f/coolsand/8808_tcj/soft/build/gallite_fpga/platform/chip/bcpu/lib/libbcpu_cool_profile.a(spp_gsm_tables.o)
                0xffffffff81e09328                g_sppCsCrcParam
                0xffffffff81e09498                g_sppCsConvParam
                0xffffffff81e09608                g_sppCsSrcParam
                0xffffffff81e09698                g_sppVitacDecParam
                0xffffffff81e09750                g_sppVitacPolyres
                0xffffffff81e09770                g_sppInputLengthBitAfs
                0xffffffff81e09778                g_sppAfsReorderTables
                0xffffffff81e09798                g_sppInputLengthBitAhs
                0xffffffff81e097a0                g_sppAhsReorderTables
                0xffffffff81e097b8                g_sppMatrixHr
                0xffffffff81e09898                g_sppMatrixFrInv
                0xffffffff81e09aa0                g_sppMatrixEfr1
                0xffffffff81e09ae4                g_sppMatrixEfr1Inv
                0xffffffff81e09b28                g_sppMatrixEfr2Inv
                0xffffffff81e09d20                g_sppNbFwequStartSt
                0xffffffff81e09d28                g_sppNbBwequStartSt
                0xffffffff81e09d30                g_sppGsmTscSch
                0xffffffff81e09d38                g_sppGsmTscAburst
                0xffffffff81e09d40                g_sppGsmTscNburst
                0xffffffff81e09d60                g_sppUsfCs2Cs3
                0xffffffff81e09d68                g_spp_UsfCs4
                0xffffffff81e09d78                g_sppIcSidRatscch
                0xffffffff81e09d80                g_sppIcAfsSpeech
                0xffffffff81e09d84                g_sppIcAhsSpeech
                0xffffffff81e09d88                g_sppImAfsSid
                0xffffffff81e09da4                g_sppImAhsSid
                0xffffffff81e09dc4                g_sppImRatscch
                0xffffffff81e09de4                g_sppAfsSidMarker
                0xffffffff81e09e00                g_sppAhsSidMarker
                0xffffffff81e09e1c                g_sppRatscchMarker
                0xffffffff81e09e38                g_sppConvOutLengthBitAhs
                0xffffffff81e09e40                g_sppConvOutMaskAhs
                0xffffffff81e09e58                g_sppChestTab
                0xffffffff81e0a614                g_sppCsPuncturingTable
 *fill*         0xffffffff81e0b268        0x8 00
 .text          0xffffffff81e0b270     0x1cf0 /cygdrive/f/coolsand/8808_tcj/soft/build/gallite_fpga/platform/chip/bcpu/lib/libbcpu_cool_profile.a(spp_gsm_tx.o)
                0xffffffff81e0b271                spp_BuildNBurst
                0xffffffff81e0b321                spp_Modulation
                0xffffffff81e0b661                spp_EncodeABurst
                0xffffffff81e0b7a1                spp_EncodeBlock
 .text          0xffffffff81e0cf60       0x80 /cygdrive/f/coolsand/8808_tcj/soft/build/gallite_fpga/platform/chip/bcpu/lib/libbcpu_cool_profile.a(spp_misc.o)
                0xffffffff81e0cf61                spp_FullBurstReady
                0xffffffff81e0cf71                spp_ResetFullBurstReady
                0xffffffff81e0cf81                spp_OneFullBurstReady
                0xffffffff81e0cfb1                spp_OneFullBurstDone
 .text          0xffffffff81e0cfe0      0x190 /cygdrive/f/coolsand/8808_tcj/soft/build/gallite_fpga/platform/chip/bcpu/lib/libbcpu_cool_profile.a(spp_pch_detect.o)
                0xffffffff81e0cfe1                spp_DetectDummyPCH
 .rodata        0xffffffff81e0d170      0x300 /cygdrive/f/coolsand/8808_tcj/soft/build/gallite_fpga/platform/chip/bcpu/lib/libbcpu_cool_profile.a(spp_pch_detect.o)
                0xffffffff81e0d170                g_sppPCH_vector_a
                0xffffffff81e0d2c8                g_sppPCH_vector_b1
                0xffffffff81e0d31c                g_sppPCH_vector_b2
                0xffffffff81e0d370                g_sppPCH_vector_b3
                0xffffffff81e0d3c4                g_sppPCH_vector_b4
                0xffffffff81e0d418                g_sppPCH_b_pos
                0xffffffff81e0d46c                g_sppPCH_size_vector_b
 .text          0xffffffff81e0d470        0x0 /cygdrive/f/coolsand/8808_tcj/soft/build/gallite_fpga/platform/chip/bcpu/lib/libbcpu_cool_profile.a(spp_version.o)
 .rodata.str1.4
                0xffffffff81e0d470       0x30 /cygdrive/f/coolsand/8808_tcj/soft/build/gallite_fpga/platform/chip/bcpu/lib/libbcpu_cool_profile.a(spp_version.o)
 .rodata        0xffffffff81e0d4a0       0x10 /cygdrive/f/coolsand/8808_tcj/soft/build/gallite_fpga/platform/chip/bcpu/lib/libbcpu_cool_profile.a(spp_version.o)
                0xffffffff81e0d4a0                g_sppMapVersion
 .text          0xffffffff81e0d4b0       0x4c /cygdrive/f/coolsand/8808_tcj/soft/build/gallite_fpga/platform/chip/bcpu/lib/libbcpu_cool_profile.a(spp_DummyPCH_DisAsm.o)
                0xffffffff81e0d4b0                spp_DummyPCH_DisAsm
 .text          0xffffffff81e0d4fc      0x220 /cygdrive/f/coolsand/8808_tcj/soft/build/gallite_fpga/platform/chip/bcpu/lib/libbcpu_cool_profile.a(spp_fcchDetect_filter.o)
                0xffffffff81e0d4fc                spp_FcchDetectAsm_Filter
 *spal_*.o(.text .text.* .rodata .rodata.str1.4 .rodata.*)
 *fill*         0xffffffff81e0d71c        0x4 00
 .text          0xffffffff81e0d720       0x60 /cygdrive/f/coolsand/8808_tcj/soft/build/gallite_fpga/platform/chip/bcpu/lib/libbcpu_cool_profile.a(spal_cache.o)
                0xffffffff81e0d720                spal_InvalidateDcache
                0xffffffff81e0d750                spal_InvalidateCache
 .text          0xffffffff81e0d780       0x30 /cygdrive/f/coolsand/8808_tcj/soft/build/gallite_fpga/platform/chip/bcpu/lib/libbcpu_cool_profile.a(spal_cfg.o)
                0xffffffff81e0d781                spal_Open
 .text          0xffffffff81e0d7b0      0x120 /cygdrive/f/coolsand/8808_tcj/soft/build/gallite_fpga/platform/chip/bcpu/lib/libbcpu_cool_profile.a(spal_irq.o)
                0xffffffff81e0d7b1                spal_IrqSetMask
                0xffffffff81e0d7d1                spal_IrqHandler
 .text          0xffffffff81e0d8d0       0xa0 /cygdrive/f/coolsand/8808_tcj/soft/build/gallite_fpga/platform/chip/bcpu/lib/libbcpu_cool_profile.a(spal_itlv.o)
                0xffffffff81e0d8d1                spal_ItlvBusy
                0xffffffff81e0d8e1                spal_ItlvItlv
                0xffffffff81e0d921                spal_ItlvDitlv
                0xffffffff81e0d961                spal_ItlvIntClear
 .text          0xffffffff81e0d970        0x0 /cygdrive/f/coolsand/8808_tcj/soft/build/gallite_fpga/platform/chip/bcpu/lib/libbcpu_cool_profile.a(spal_version.o)
 .rodata.str1.4
                0xffffffff81e0d970       0x32 /cygdrive/f/coolsand/8808_tcj/soft/build/gallite_fpga/platform/chip/bcpu/lib/libbcpu_cool_profile.a(spal_version.o)
                                         0x34 (size before relaxing)
 *fill*         0xffffffff81e0d9a2        0x2 00
 .rodata        0xffffffff81e0d9a4       0x10 /cygdrive/f/coolsand/8808_tcj/soft/build/gallite_fpga/platform/chip/bcpu/lib/libbcpu_cool_profile.a(spal_version.o)
                0xffffffff81e0d9a4                g_spalMapVersion
 *fill*         0xffffffff81e0d9b4        0xc 00
 .text          0xffffffff81e0d9c0      0x270 /cygdrive/f/coolsand/8808_tcj/soft/build/gallite_fpga/platform/chip/bcpu/lib/libbcpu_cool_profile.a(spal_vitac.o)
                0xffffffff81e0d9c1                spal_VitacBusy
                0xffffffff81e0d9e1                spal_VitacEqualize
                0xffffffff81e0dad1                spal_VitacFullDecoding
 .text          0xffffffff81e0dc30      0x9c0 /cygdrive/f/coolsand/8808_tcj/soft/build/gallite_fpga/platform/chip/bcpu/lib/libbcpu_cool_profile.a(spal_xcor.o)
                0xffffffff81e0dc31                spal_XcorTscxcNb
                0xffffffff81e0dc61                spal_XcorTscxcSch
                0xffffffff81e0dc91                spal_XcorBiterror
                0xffffffff81e0dcc1                spal_XcorChest
                0xffffffff81e0dd41                spal_XcorSrec
                0xffffffff81e0dd91                spal_XcorBmsum
                0xffffffff81e0dea1                spal_XcorErrCalc
                0xffffffff81e0ded1                spal_XcorIcorCalc
                0xffffffff81e0df01                spal_XcorHvextract
                0xffffffff81e0df31                spal_XcorDcoc
                0xffffffff81e0e0e1                spal_XcorDcocHburst
                0xffffffff81e0e151                spal_XcorFchxc_Delay
                0xffffffff81e0e2e1                spal_XcorFchxc_AutoCorr
                0xffffffff81e0e331                spal_XcorFchxc
                0xffffffff81e0e481                spal_XcorFchFilter
 .text          0xffffffff81e0e5f0      0x1a0 /cygdrive/f/coolsand/8808_tcj/soft/build/gallite_fpga/platform/chip/bcpu/lib/libbcpu_cool_profile.a(spal_XcorFchFilterAsm.o)
                0xffffffff81e0e5f0                spal_XcorFchFilterAsm
 .text          0xffffffff81e0e790      0x400 /cygdrive/f/coolsand/8808_tcj/soft/build/gallite_fpga/platform/chip/bcpu/lib/libbcpu_cool_profile.a(spal_cap_cp2.o)
                0xffffffff81e0e790                spal_CapDecodeCrc
                0xffffffff81e0e850                spal_CapEncodeCrc
                0xffffffff81e0e910                spal_CapConvoluate
                0xffffffff81e0ea00                spal_CapConvSrc
                0xffffffff81e0eac0                spal_CapFireCorrection
 .text          0xffffffff81e0eb90       0x30 /cygdrive/f/coolsand/8808_tcj/soft/build/gallite_fpga/platform/chip/bcpu/lib/libbcpu_cool_profile.a(spal_cordic.o)
                0xffffffff81e0eb91                spal_CordicAngle
 .text          0xffffffff81e0ebc0       0x60 /cygdrive/f/coolsand/8808_tcj/soft/build/gallite_fpga/platform/chip/bcpu/lib/libbcpu_cool_profile.a(spal_ifc.o)
                0xffffffff81e0ebc1                spal_IfcTxFifoReset
                0xffffffff81e0ebd1                spal_IfcTxFifoSetup
                0xffffffff81e0ebf1                spal_IfcDisableRf
                0xffffffff81e0ec01                spal_IfcParamRf
 *spc_amr_tx.o(.text .text.* .rdata .rodata .rodata.str1.4 .rodata.*)
 .text          0xffffffff81e0ec20      0x9f0 /cygdrive/f/coolsand/8808_tcj/soft/build/gallite_fpga/platform/chip/bcpu/lib/libbcpu_cool_profile.a(spc_amr_tx.o)
                0xffffffff81e0ec21                spc_UpdateAmrCfg
                0xffffffff81e0ed81                spc_AHSencoding
                0xffffffff81e0f171                spc_AFSencoding
                0xffffffff81e0f441                spc_AmrEncode
 *spc_amr_rx.o(.text .text.* .rdata .rodata .rodata.str1.4 .rodata.*)
 .text          0xffffffff81e0f610     0x1240 /cygdrive/f/coolsand/8808_tcj/soft/build/gallite_fpga/platform/chip/bcpu/lib/libbcpu_cool_profile.a(spc_amr_rx.o)
                0xffffffff81e0f611                spc_AmrRatscch
                0xffffffff81e0f741                spc_UpdateCMR
                0xffffffff81e0f801                spc_AHSdecoding
                0xffffffff81e0fd81                spc_AFSdecoding
                0xffffffff81e10151                spc_AmrDecode
 *spc_irq_handler.o(.text .text.* .rdata .rodata .rodata.str1.4 .rodata.*)
 .text          0xffffffff81e10850      0x5d0 /cygdrive/f/coolsand/8808_tcj/soft/build/gallite_fpga/platform/chip/bcpu/lib/libbcpu_cool_profile.a(spc_irq_handler.o)
                0xffffffff81e10851                bb_prog_rx_win
                0xffffffff81e10a41                spc_IrqHandler
 *spc_mailbox.o(.text .text.* .rdata .rodata .rodata.str1.4 .rodata.*)
 .text          0xffffffff81e10e20        0x0 /cygdrive/f/coolsand/8808_tcj/soft/build/gallite_fpga/platform/chip/bcpu/lib/libbcpu_cool_profile.a(spc_mailbox.o)
 *spc_rx.o(.text .text.* .rdata .rodata .rodata.str1.4 .rodata.*)
 .text          0xffffffff81e10e20     0x16e0 /cygdrive/f/coolsand/8808_tcj/soft/build/gallite_fpga/platform/chip/bcpu/lib/libbcpu_cool_profile.a(spc_rx.o)
                0xffffffff81e10e21                spc_RxProcess
 .rodata        0xffffffff81e12500       0x58 /cygdrive/f/coolsand/8808_tcj/soft/build/gallite_fpga/platform/chip/bcpu/lib/libbcpu_cool_profile.a(spc_rx.o)
 *spc_scheduler.o(.text .text.* .rdata .rodata .rodata.str1.4 .rodata.*)
 *fill*         0xffffffff81e12558        0x8 00
 .text          0xffffffff81e12560      0x410 /cygdrive/f/coolsand/8808_tcj/soft/build/gallite_fpga/platform/chip/bcpu/lib/libbcpu_cool_profile.a(spc_scheduler.o)
                0xffffffff81e12561                spc_SchedulerMain
 *spc_tx.o(.text .text.* .rdata .rodata .rodata.str1.4 .rodata.*)
 .text          0xffffffff81e12970     0x10b0 /cygdrive/f/coolsand/8808_tcj/soft/build/gallite_fpga/platform/chip/bcpu/lib/libbcpu_cool_profile.a(spc_tx.o)
                0xffffffff81e12971                spc_MboxToSppSpeechMode
                0xffffffff81e12a61                spc_EgprsCCHTxProcess
                0xffffffff81e12a71                spc_TCHTxProcess
                0xffffffff81e132c1                spc_CCHTxProcess
                0xffffffff81e134e1                spc_RACHTxProcess
                0xffffffff81e135e1                spc_TxProcess
                0xffffffff81e136a1                spc_UpdateOnFint
 *spc_version.o(.text .text.* .rdata .rodata .rodata.str1.4 .rodata.*)
 .text          0xffffffff81e13a20        0x0 /cygdrive/f/coolsand/8808_tcj/soft/build/gallite_fpga/platform/chip/bcpu/lib/libbcpu_cool_profile.a(spc_version.o)
 .rodata.str1.4
                0xffffffff81e13a20       0x37 /cygdrive/f/coolsand/8808_tcj/soft/build/gallite_fpga/platform/chip/bcpu/lib/libbcpu_cool_profile.a(spc_version.o)
                                         0x38 (size before relaxing)
 *fill*         0xffffffff81e13a57        0x1 00
 .rodata        0xffffffff81e13a58       0x10 /cygdrive/f/coolsand/8808_tcj/soft/build/gallite_fpga/platform/chip/bcpu/lib/libbcpu_cool_profile.a(spc_version.o)
                0xffffffff81e13a58                g_spcMapVersion
 *boot_test.o(.text .text.* .rdata .rodata .rodata.str1.4 .rodata.*)
 .text          0xffffffff81e13a68       0x30 /cygdrive/f/coolsand/8808_tcj/soft/build/gallite_fpga/platform/chip/boot/lib/libboot_cool_profile.a(boot_test.o)
                0xffffffff81e13a68                boot_FunctionalTest
 *boot_bist.o(.text .text.* .rdata .rodata .rodata.str1.4 .rodata.*)
 .text          0xffffffff81e13a98      0x6f0 /cygdrive/f/coolsand/8808_tcj/soft/build/gallite_fpga/platform/chip/boot/lib/libboot_cool_profile.a(boot_bist.o)
                0xffffffff81e13a99                boot_BistBBScheduler
                0xffffffff81e13b6d                boot_BistMemScheduler
                0xffffffff81e13bf5                boot_BistMemStep1
                0xffffffff81e13c41                boot_MarchCTcu
                0xffffffff81e13f91                boot_BistBCpu
                0xffffffff81e13fdd                boot_BistSysScheduler
                0xffffffff81e140ad                boot_BistStep2
                0xffffffff81e14105                boot_BistStep1
 .rodata        0xffffffff81e14188      0x104 /cygdrive/f/coolsand/8808_tcj/soft/build/gallite_fpga/platform/chip/boot/lib/libboot_cool_profile.a(boot_bist.o)
                0xffffffff81e14188                g_bootBistBBConf
                0xffffffff81e141ec                g_bootBistSysConf
 *boot_march_c_bbcp2.o(.text .text.* .rdata .rodata .rodata.str1.4 .rodata.*)
 .text          0xffffffff81e1428c      0x1d8 /cygdrive/f/coolsand/8808_tcj/soft/build/gallite_fpga/platform/chip/boot/lib/libboot_cool_profile.a(boot_march_c_bbcp2.o)
                0xffffffff81e1428c                boot_MarchCBBCp2
 *(.internal_rom)
 *atoi.o(.text .text.* .rdata .rodata .rodata.str1.4 .rodata.*)
 *fill*         0xffffffff81e14464        0xc 00
 .text          0xffffffff81e14470       0x40 /cygdrive/f/coolsand/8808_tcj/soft/build/gallite_fpga/platform/base/std/lib/libstd_cool_profile.a(atoi.o)
                0xffffffff81e14471                atoi
 *strlen.o(.text .text.* .rdata .rodata .rodata.str1.4 .rodata.*)
 .text          0xffffffff81e144b0       0x40 /cygdrive/f/coolsand/8808_tcj/soft/build/gallite_fpga/platform/base/std/lib/libstd_cool_profile.a(strlen.o)
                0xffffffff81e144b1                strlen
                0xffffffff81e144d1                strnlen
 *ctype.o(.text .text.* .rdata .rodata .rodata.str1.4 .rodata.*)
 .text          0xffffffff81e144f0        0x0 /cygdrive/f/coolsand/8808_tcj/soft/build/gallite_fpga/platform/base/std/lib/libstd_cool_profile.a(ctype.o)
 .rodata        0xffffffff81e144f0      0x100 /cygdrive/f/coolsand/8808_tcj/soft/build/gallite_fpga/platform/base/std/lib/libstd_cool_profile.a(ctype.o)
                0xffffffff81e144f0                _ctype
 *memmove.o(.text .text.* .rdata .rodata .rodata.str1.4 .rodata.*)
 .text          0xffffffff81e145f0      0x140 /cygdrive/f/coolsand/8808_tcj/soft/build/gallite_fpga/platform/base/std/lib/libstd_cool_profile.a(memmove.o)
                0xffffffff81e145f1                memmove
 *memscan.o(.text .text.* .rdata .rodata .rodata.str1.4 .rodata.*)
 .text          0xffffffff81e14730       0x20 /cygdrive/f/coolsand/8808_tcj/soft/build/gallite_fpga/platform/base/std/lib/libstd_cool_profile.a(memscan.o)
                0xffffffff81e14731                memscan
 *strcat.o(.text .text.* .rdata .rodata .rodata.str1.4 .rodata.*)
 .text          0xffffffff81e14750       0x20 /cygdrive/f/coolsand/8808_tcj/soft/build/gallite_fpga/platform/base/std/lib/libstd_cool_profile.a(strcat.o)
                0xffffffff81e14751                strcat
 *strncpy.o(.text .text.* .rdata .rodata .rodata.str1.4 .rodata.*)
 .text          0xffffffff81e14770       0x40 /cygdrive/f/coolsand/8808_tcj/soft/build/gallite_fpga/platform/base/std/lib/libstd_cool_profile.a(strncpy.o)
                0xffffffff81e14771                strncpy
 *strsep.o(.text .text.* .rdata .rodata .rodata.str1.4 .rodata.*)
 .text          0xffffffff81e147b0       0x40 /cygdrive/f/coolsand/8808_tcj/soft/build/gallite_fpga/platform/base/std/lib/libstd_cool_profile.a(strsep.o)
                0xffffffff81e147b1                strsep
 *strstr.o(.text .text.* .rdata .rodata .rodata.str1.4 .rodata.*)
 .text          0xffffffff81e147f0       0x60 /cygdrive/f/coolsand/8808_tcj/soft/build/gallite_fpga/platform/base/std/lib/libstd_cool_profile.a(strstr.o)
                0xffffffff81e147f1                strstr
 *strcmp.o(.text .text.* .rdata .rodata .rodata.str1.4 .rodata.*)
 .text          0xffffffff81e14850       0x40 /cygdrive/f/coolsand/8808_tcj/soft/build/gallite_fpga/platform/base/std/lib/libstd_cool_profile.a(strcmp.o)
                0xffffffff81e14851                strcmp
 *strcpy.o(.text .text.* .rdata .rodata .rodata.str1.4 .rodata.*)
 .text          0xffffffff81e14890       0x20 /cygdrive/f/coolsand/8808_tcj/soft/build/gallite_fpga/platform/base/std/lib/libstd_cool_profile.a(strcpy.o)
                0xffffffff81e14891                strcpy
 *strncmp.o(.text .text.* .rdata .rodata .rodata.str1.4 .rodata.*)
 .text          0xffffffff81e148b0       0x40 /cygdrive/f/coolsand/8808_tcj/soft/build/gallite_fpga/platform/base/std/lib/libstd_cool_profile.a(strncmp.o)
                0xffffffff81e148b1                strncmp
 *strchr.o(.text .text.* .rdata .rodata .rodata.str1.4 .rodata.*)
 .text          0xffffffff81e148f0       0x50 /cygdrive/f/coolsand/8808_tcj/soft/build/gallite_fpga/platform/base/std/lib/libstd_cool_profile.a(strchr.o)
                0xffffffff81e148f1                strchr
                0xffffffff81e14921                strrchr
 *memchr.o(.text .text.* .rdata .rodata .rodata.str1.4 .rodata.*)
 .text          0xffffffff81e14940       0x40 /cygdrive/f/coolsand/8808_tcj/soft/build/gallite_fpga/platform/base/std/lib/libstd_cool_profile.a(memchr.o)
                0xffffffff81e14941                memchr
 *memcmp.o(.text .text.* .rdata .rodata .rodata.str1.4 .rodata.*)
 .text          0xffffffff81e14980       0x30 /cygdrive/f/coolsand/8808_tcj/soft/build/gallite_fpga/platform/base/std/lib/libstd_cool_profile.a(memcmp.o)
                0xffffffff81e14981                memcmp
                0xffffffff81e149b0                . = ALIGN (0x10)
                0xffffffff81e149b0                __int_rom_end = .

.rom_entries_cached
                0xffffffff81c000a0      0x14c
                0xffffffff81c000a0                _hstMonitorXCtx_start = .
 *boot_host.o(.sram_hst_monitor_ctx)
 .sram_hst_monitor_ctx
                0xffffffff81c000a0       0x18 /cygdrive/f/coolsand/8808_tcj/soft/build/gallite_fpga/platform/chip/boot/lib/libboot_cool_profile.a(boot_host.o)
                0xffffffff81c000a0                boot_HstMonitorXCtx
                0xffffffff81c000b4                boot_HstMonitorExtendedHandler
 *boot_host.o(.data .data.* .bss .bss.* .scommon COMMON)
 .data          0xffffffff81c000b8        0x0 /cygdrive/f/coolsand/8808_tcj/soft/build/gallite_fpga/platform/chip/boot/lib/libboot_cool_profile.a(boot_host.o)
 .bss           0xffffffff81c000b8        0x0 /cygdrive/f/coolsand/8808_tcj/soft/build/gallite_fpga/platform/chip/boot/lib/libboot_cool_profile.a(boot_host.o)
 *boot_ram.o(.data .data.* .bss .bss.* .scommon COMMON)
 .data          0xffffffff81c000b8       0x18 /cygdrive/f/coolsand/8808_tcj/soft/build/gallite_fpga/platform/chip/boot/lib/libboot_cool_profile.a(boot_ram.o)
                0xffffffff81c000b8                xcpu_error_code
                0xffffffff81c000bc                xcpu_error_status
                0xffffffff81c000c0                xcpu_sp_context
                0xffffffff81c000c4                sxr_IrqStack_pointer
                0xffffffff81c000c8                g_bootResetCause
                0xffffffff81c000cc                g_bootBootMode
 .bss           0xffffffff81c000d0        0x0 /cygdrive/f/coolsand/8808_tcj/soft/build/gallite_fpga/platform/chip/boot/lib/libboot_cool_profile.a(boot_ram.o)
 *boot_uart_monitor.o(.data .data.* .bss .bss.* .scommon COMMON)
 .data          0xffffffff81c000d0        0x0 /cygdrive/f/coolsand/8808_tcj/soft/build/gallite_fpga/platform/chip/boot/lib/libboot_cool_profile.a(boot_uart_monitor.o)
 .bss           0xffffffff81c000d0        0x1 /cygdrive/f/coolsand/8808_tcj/soft/build/gallite_fpga/platform/chip/boot/lib/libboot_cool_profile.a(boot_uart_monitor.o)
                0xffffffff81c000d0                g_bootUartMonitorBrDetected
 *fill*         0xffffffff81c000d1        0x3 00
 .scommon       0xffffffff81c000d4        0x4 /cygdrive/f/coolsand/8808_tcj/soft/build/gallite_fpga/platform/chip/boot/lib/libboot_cool_profile.a(boot_uart_monitor.o)
                0xffffffff81c000d4                g_bootUartMonitorBaudRate
 *boot_rom.o(.data .data.* .bss .bss.* .scommon COMMON)
 .data          0xffffffff81c000d8        0x0 /cygdrive/f/coolsand/8808_tcj/soft/build/gallite_fpga/platform/chip/boot/lib/libboot_cool_profile.a(boot_rom.o)
 .bss           0xffffffff81c000d8        0x0 /cygdrive/f/coolsand/8808_tcj/soft/build/gallite_fpga/platform/chip/boot/lib/libboot_cool_profile.a(boot_rom.o)
 *boot_monitor.o(.data .data.* .bss .bss.* .scommon COMMON)
 .data          0xffffffff81c000d8        0x0 /cygdrive/f/coolsand/8808_tcj/soft/build/gallite_fpga/platform/chip/boot/lib/libboot_cool_profile.a(boot_monitor.o)
 .bss           0xffffffff81c000d8        0x0 /cygdrive/f/coolsand/8808_tcj/soft/build/gallite_fpga/platform/chip/boot/lib/libboot_cool_profile.a(boot_monitor.o)
 *boot_ram.o(.data .data.* .bss .bss.* .scommon COMMON)
 *memcpy.o(.data .data.* .bss .bss.* .scommon COMMON)
 .data          0xffffffff81c000d8        0x0 /cygdrive/f/coolsand/8808_tcj/soft/build/gallite_fpga/platform/base/std/lib/libstd_cool_profile.a(memcpy.o)
 .bss           0xffffffff81c000d8        0x0 /cygdrive/f/coolsand/8808_tcj/soft/build/gallite_fpga/platform/base/std/lib/libstd_cool_profile.a(memcpy.o)
 *memset.o(.data .data.* .bss .bss.* .scommon COMMON)
 .data          0xffffffff81c000d8        0x0 /cygdrive/f/coolsand/8808_tcj/soft/build/gallite_fpga/platform/base/std/lib/libstd_cool_profile.a(memset.o)
 .bss           0xffffffff81c000d8        0x0 /cygdrive/f/coolsand/8808_tcj/soft/build/gallite_fpga/platform/base/std/lib/libstd_cool_profile.a(memset.o)
 *boot_uart_monitor.o(.data .data.* .bss .bss.* .scommon COMMON)
 *strlen.o(.data .data.* .bss .bss.* .scommon COMMON)
 .data          0xffffffff81c000d8        0x0 /cygdrive/f/coolsand/8808_tcj/soft/build/gallite_fpga/platform/base/std/lib/libstd_cool_profile.a(strlen.o)
 .bss           0xffffffff81c000d8        0x0 /cygdrive/f/coolsand/8808_tcj/soft/build/gallite_fpga/platform/base/std/lib/libstd_cool_profile.a(strlen.o)
 *memmove.o(.data .data.* .bss .bss.* .scommon COMMON)
 .data          0xffffffff81c000d8        0x0 /cygdrive/f/coolsand/8808_tcj/soft/build/gallite_fpga/platform/base/std/lib/libstd_cool_profile.a(memmove.o)
 .bss           0xffffffff81c000d8        0x0 /cygdrive/f/coolsand/8808_tcj/soft/build/gallite_fpga/platform/base/std/lib/libstd_cool_profile.a(memmove.o)
 *atoi.o(.data .data.* .bss .bss.* .scommon COMMON)
 .data          0xffffffff81c000d8        0x0 /cygdrive/f/coolsand/8808_tcj/soft/build/gallite_fpga/platform/base/std/lib/libstd_cool_profile.a(atoi.o)
 .bss           0xffffffff81c000d8        0x0 /cygdrive/f/coolsand/8808_tcj/soft/build/gallite_fpga/platform/base/std/lib/libstd_cool_profile.a(atoi.o)
 *ctype.o(.data .data.* .bss .bss.* .scommon COMMON)
 .data          0xffffffff81c000d8        0x0 /cygdrive/f/coolsand/8808_tcj/soft/build/gallite_fpga/platform/base/std/lib/libstd_cool_profile.a(ctype.o)
 .bss           0xffffffff81c000d8        0x0 /cygdrive/f/coolsand/8808_tcj/soft/build/gallite_fpga/platform/base/std/lib/libstd_cool_profile.a(ctype.o)
 *memchr.o(.data .data.* .bss .bss.* .scommon COMMON)
 .data          0xffffffff81c000d8        0x0 /cygdrive/f/coolsand/8808_tcj/soft/build/gallite_fpga/platform/base/std/lib/libstd_cool_profile.a(memchr.o)
 .bss           0xffffffff81c000d8        0x0 /cygdrive/f/coolsand/8808_tcj/soft/build/gallite_fpga/platform/base/std/lib/libstd_cool_profile.a(memchr.o)
 *memcmp.o(.data .data.* .bss .bss.* .scommon COMMON)
 .data          0xffffffff81c000d8        0x0 /cygdrive/f/coolsand/8808_tcj/soft/build/gallite_fpga/platform/base/std/lib/libstd_cool_profile.a(memcmp.o)
 .bss           0xffffffff81c000d8        0x0 /cygdrive/f/coolsand/8808_tcj/soft/build/gallite_fpga/platform/base/std/lib/libstd_cool_profile.a(memcmp.o)
 *memscan.o(.data .data.* .bss .bss.* .scommon COMMON)
 .data          0xffffffff81c000d8        0x0 /cygdrive/f/coolsand/8808_tcj/soft/build/gallite_fpga/platform/base/std/lib/libstd_cool_profile.a(memscan.o)
 .bss           0xffffffff81c000d8        0x0 /cygdrive/f/coolsand/8808_tcj/soft/build/gallite_fpga/platform/base/std/lib/libstd_cool_profile.a(memscan.o)
 *strcat.o(.data .data.* .bss .bss.* .scommon COMMON)
 .data          0xffffffff81c000d8        0x0 /cygdrive/f/coolsand/8808_tcj/soft/build/gallite_fpga/platform/base/std/lib/libstd_cool_profile.a(strcat.o)
 .bss           0xffffffff81c000d8        0x0 /cygdrive/f/coolsand/8808_tcj/soft/build/gallite_fpga/platform/base/std/lib/libstd_cool_profile.a(strcat.o)
 *strchr.o(.data .data.* .bss .bss.* .scommon COMMON)
 .data          0xffffffff81c000d8        0x0 /cygdrive/f/coolsand/8808_tcj/soft/build/gallite_fpga/platform/base/std/lib/libstd_cool_profile.a(strchr.o)
 .bss           0xffffffff81c000d8        0x0 /cygdrive/f/coolsand/8808_tcj/soft/build/gallite_fpga/platform/base/std/lib/libstd_cool_profile.a(strchr.o)
 *strcmp.o(.data .data.* .bss .bss.* .scommon COMMON)
 .data          0xffffffff81c000d8        0x0 /cygdrive/f/coolsand/8808_tcj/soft/build/gallite_fpga/platform/base/std/lib/libstd_cool_profile.a(strcmp.o)
 .bss           0xffffffff81c000d8        0x0 /cygdrive/f/coolsand/8808_tcj/soft/build/gallite_fpga/platform/base/std/lib/libstd_cool_profile.a(strcmp.o)
 *strcpy.o(.data .data.* .bss .bss.* .scommon COMMON)
 .data          0xffffffff81c000d8        0x0 /cygdrive/f/coolsand/8808_tcj/soft/build/gallite_fpga/platform/base/std/lib/libstd_cool_profile.a(strcpy.o)
 .bss           0xffffffff81c000d8        0x0 /cygdrive/f/coolsand/8808_tcj/soft/build/gallite_fpga/platform/base/std/lib/libstd_cool_profile.a(strcpy.o)
 *strncat.o(.data .data.* .bss .bss.* .scommon COMMON)
 .data          0xffffffff81c000d8        0x0 /cygdrive/f/coolsand/8808_tcj/soft/build/gallite_fpga/platform/base/std/lib/libstd_cool_profile.a(strncat.o)
 .bss           0xffffffff81c000d8        0x0 /cygdrive/f/coolsand/8808_tcj/soft/build/gallite_fpga/platform/base/std/lib/libstd_cool_profile.a(strncat.o)
 *strncmp.o(.data .data.* .bss .bss.* .scommon COMMON)
 .data          0xffffffff81c000d8        0x0 /cygdrive/f/coolsand/8808_tcj/soft/build/gallite_fpga/platform/base/std/lib/libstd_cool_profile.a(strncmp.o)
 .bss           0xffffffff81c000d8        0x0 /cygdrive/f/coolsand/8808_tcj/soft/build/gallite_fpga/platform/base/std/lib/libstd_cool_profile.a(strncmp.o)
 *strncpy.o(.data .data.* .bss .bss.* .scommon COMMON)
 .data          0xffffffff81c000d8        0x0 /cygdrive/f/coolsand/8808_tcj/soft/build/gallite_fpga/platform/base/std/lib/libstd_cool_profile.a(strncpy.o)
 .bss           0xffffffff81c000d8        0x0 /cygdrive/f/coolsand/8808_tcj/soft/build/gallite_fpga/platform/base/std/lib/libstd_cool_profile.a(strncpy.o)
 *strnicmp.o(.data .data.* .bss .bss.* .scommon COMMON)
 .data          0xffffffff81c000d8        0x0 /cygdrive/f/coolsand/8808_tcj/soft/build/gallite_fpga/platform/base/std/lib/libstd_cool_profile.a(strnicmp.o)
 .bss           0xffffffff81c000d8        0x0 /cygdrive/f/coolsand/8808_tcj/soft/build/gallite_fpga/platform/base/std/lib/libstd_cool_profile.a(strnicmp.o)
 *strsep.o(.data .data.* .bss .bss.* .scommon COMMON)
 .data          0xffffffff81c000d8        0x0 /cygdrive/f/coolsand/8808_tcj/soft/build/gallite_fpga/platform/base/std/lib/libstd_cool_profile.a(strsep.o)
 .bss           0xffffffff81c000d8        0x0 /cygdrive/f/coolsand/8808_tcj/soft/build/gallite_fpga/platform/base/std/lib/libstd_cool_profile.a(strsep.o)
 *strstr.o(.data .data.* .bss .bss.* .scommon COMMON)
 .data          0xffffffff81c000d8        0x0 /cygdrive/f/coolsand/8808_tcj/soft/build/gallite_fpga/platform/base/std/lib/libstd_cool_profile.a(strstr.o)
 .bss           0xffffffff81c000d8        0x0 /cygdrive/f/coolsand/8808_tcj/soft/build/gallite_fpga/platform/base/std/lib/libstd_cool_profile.a(strstr.o)
 *boot_ispi.o(.sramdata .data .data.* .bss .bss.* .scommon COMMON)
 .data          0xffffffff81c000d8        0x4 /cygdrive/f/coolsand/8808_tcj/soft/build/gallite_fpga/platform/chip/boot/lib/libboot_cool_profile.a(boot_ispi.o)
 .bss           0xffffffff81c000dc        0x0 /cygdrive/f/coolsand/8808_tcj/soft/build/gallite_fpga/platform/chip/boot/lib/libboot_cool_profile.a(boot_ispi.o)
 *boot_usb.o(.sramdata .data .data.* .bss .bss.* .scommon COMMON)
 .data          0xffffffff81c000dc        0x0 /cygdrive/f/coolsand/8808_tcj/soft/build/gallite_fpga/platform/chip/boot/lib/libboot_cool_profile.a(boot_usb.o)
 .bss           0xffffffff81c000dc       0x80 /cygdrive/f/coolsand/8808_tcj/soft/build/gallite_fpga/platform/chip/boot/lib/libboot_cool_profile.a(boot_usb.o)
 COMMON         0xffffffff81c0015c       0x5c /cygdrive/f/coolsand/8808_tcj/soft/build/gallite_fpga/platform/chip/boot/lib/libboot_cool_profile.a(boot_usb.o)
                0xffffffff81c0015c                g_BootUsbVar
 *boot_usb_monitor.o(.data .data.* .bss .bss.* .scommon COMMON)
 .data          0xffffffff81c001b8        0x0 /cygdrive/f/coolsand/8808_tcj/soft/build/gallite_fpga/platform/chip/boot/lib/libboot_cool_profile.a(boot_usb_monitor.o)
 .bss           0xffffffff81c001b8       0x24 /cygdrive/f/coolsand/8808_tcj/soft/build/gallite_fpga/platform/chip/boot/lib/libboot_cool_profile.a(boot_usb_monitor.o)
 *boot_irq_dispatch.o(.data .data.* .bss .bss.* .scommon COMMON)
 .data          0xffffffff81c001dc        0x0 /cygdrive/f/coolsand/8808_tcj/soft/build/gallite_fpga/platform/chip/boot/lib/libboot_cool_profile.a(boot_irq_dispatch.o)
 .bss           0xffffffff81c001dc        0x0 /cygdrive/f/coolsand/8808_tcj/soft/build/gallite_fpga/platform/chip/boot/lib/libboot_cool_profile.a(boot_irq_dispatch.o)
                0xffffffff81c001dc                _int_sram_romed_for_bcpu_start = .
 *spp*.o(.data .data.* .bss .bss.* .scommon COMMON)
 .data          0xffffffff81c001dc        0x0 /cygdrive/f/coolsand/8808_tcj/soft/build/gallite_fpga/platform/chip/bcpu/lib/libbcpu_cool_profile.a(spp_cfg.o)
 .bss           0xffffffff81c001dc        0x0 /cygdrive/f/coolsand/8808_tcj/soft/build/gallite_fpga/platform/chip/bcpu/lib/libbcpu_cool_profile.a(spp_cfg.o)
 .data          0xffffffff81c001dc        0x0 /cygdrive/f/coolsand/8808_tcj/soft/build/gallite_fpga/platform/chip/bcpu/lib/libbcpu_cool_profile.a(spp_cipher.o)
 .bss           0xffffffff81c001dc        0x0 /cygdrive/f/coolsand/8808_tcj/soft/build/gallite_fpga/platform/chip/bcpu/lib/libbcpu_cool_profile.a(spp_cipher.o)
 .data          0xffffffff81c001dc        0x0 /cygdrive/f/coolsand/8808_tcj/soft/build/gallite_fpga/platform/chip/bcpu/lib/libbcpu_cool_profile.a(spp_fcch_detect.o)
 .bss           0xffffffff81c001dc        0x0 /cygdrive/f/coolsand/8808_tcj/soft/build/gallite_fpga/platform/chip/bcpu/lib/libbcpu_cool_profile.a(spp_fcch_detect.o)
 .data          0xffffffff81c001dc        0x0 /cygdrive/f/coolsand/8808_tcj/soft/build/gallite_fpga/platform/chip/bcpu/lib/libbcpu_cool_profile.a(spp_fcch_detect_asm.o)
 .bss           0xffffffff81c001dc        0x0 /cygdrive/f/coolsand/8808_tcj/soft/build/gallite_fpga/platform/chip/bcpu/lib/libbcpu_cool_profile.a(spp_fcch_detect_asm.o)
 .data          0xffffffff81c001dc        0x0 /cygdrive/f/coolsand/8808_tcj/soft/build/gallite_fpga/platform/chip/bcpu/lib/libbcpu_cool_profile.a(spp_gsm_amr_rx.o)
 .bss           0xffffffff81c001dc        0x0 /cygdrive/f/coolsand/8808_tcj/soft/build/gallite_fpga/platform/chip/bcpu/lib/libbcpu_cool_profile.a(spp_gsm_amr_rx.o)
 .data          0xffffffff81c001dc        0x0 /cygdrive/f/coolsand/8808_tcj/soft/build/gallite_fpga/platform/chip/bcpu/lib/libbcpu_cool_profile.a(spp_gsm_decoder.o)
 .bss           0xffffffff81c001dc        0x0 /cygdrive/f/coolsand/8808_tcj/soft/build/gallite_fpga/platform/chip/bcpu/lib/libbcpu_cool_profile.a(spp_gsm_decoder.o)
 .data          0xffffffff81c001dc        0x0 /cygdrive/f/coolsand/8808_tcj/soft/build/gallite_fpga/platform/chip/bcpu/lib/libbcpu_cool_profile.a(spp_gsm_equalizer.o)
 .bss           0xffffffff81c001dc        0x0 /cygdrive/f/coolsand/8808_tcj/soft/build/gallite_fpga/platform/chip/bcpu/lib/libbcpu_cool_profile.a(spp_gsm_equalizer.o)
 .data          0xffffffff81c001dc        0x0 /cygdrive/f/coolsand/8808_tcj/soft/build/gallite_fpga/platform/chip/bcpu/lib/libbcpu_cool_profile.a(spp_gsm_rx.o)
 .bss           0xffffffff81c001dc        0x0 /cygdrive/f/coolsand/8808_tcj/soft/build/gallite_fpga/platform/chip/bcpu/lib/libbcpu_cool_profile.a(spp_gsm_rx.o)
 .data          0xffffffff81c001dc        0x0 /cygdrive/f/coolsand/8808_tcj/soft/build/gallite_fpga/platform/chip/bcpu/lib/libbcpu_cool_profile.a(spp_gsm_tables.o)
 .bss           0xffffffff81c001dc        0x0 /cygdrive/f/coolsand/8808_tcj/soft/build/gallite_fpga/platform/chip/bcpu/lib/libbcpu_cool_profile.a(spp_gsm_tables.o)
 .data          0xffffffff81c001dc        0x0 /cygdrive/f/coolsand/8808_tcj/soft/build/gallite_fpga/platform/chip/bcpu/lib/libbcpu_cool_profile.a(spp_gsm_tx.o)
 .bss           0xffffffff81c001dc        0x0 /cygdrive/f/coolsand/8808_tcj/soft/build/gallite_fpga/platform/chip/bcpu/lib/libbcpu_cool_profile.a(spp_gsm_tx.o)
 .data          0xffffffff81c001dc        0x0 /cygdrive/f/coolsand/8808_tcj/soft/build/gallite_fpga/platform/chip/bcpu/lib/libbcpu_cool_profile.a(spp_math.o)
 .bss           0xffffffff81c001dc        0x0 /cygdrive/f/coolsand/8808_tcj/soft/build/gallite_fpga/platform/chip/bcpu/lib/libbcpu_cool_profile.a(spp_math.o)
 .data          0xffffffff81c001dc        0x0 /cygdrive/f/coolsand/8808_tcj/soft/build/gallite_fpga/platform/chip/bcpu/lib/libbcpu_cool_profile.a(spp_misc.o)
 .bss           0xffffffff81c001dc        0x0 /cygdrive/f/coolsand/8808_tcj/soft/build/gallite_fpga/platform/chip/bcpu/lib/libbcpu_cool_profile.a(spp_misc.o)
 .data          0xffffffff81c001dc        0x0 /cygdrive/f/coolsand/8808_tcj/soft/build/gallite_fpga/platform/chip/bcpu/lib/libbcpu_cool_profile.a(spp_pch_detect.o)
 .bss           0xffffffff81c001dc        0x0 /cygdrive/f/coolsand/8808_tcj/soft/build/gallite_fpga/platform/chip/bcpu/lib/libbcpu_cool_profile.a(spp_pch_detect.o)
 .data          0xffffffff81c001dc        0x0 /cygdrive/f/coolsand/8808_tcj/soft/build/gallite_fpga/platform/chip/bcpu/lib/libbcpu_cool_profile.a(spp_version.o)
 .bss           0xffffffff81c001dc        0x0 /cygdrive/f/coolsand/8808_tcj/soft/build/gallite_fpga/platform/chip/bcpu/lib/libbcpu_cool_profile.a(spp_version.o)
 .data          0xffffffff81c001dc        0x0 /cygdrive/f/coolsand/8808_tcj/soft/build/gallite_fpga/platform/chip/bcpu/lib/libbcpu_cool_profile.a(spp_DummyPCH_DisAsm.o)
 .bss           0xffffffff81c001dc        0x0 /cygdrive/f/coolsand/8808_tcj/soft/build/gallite_fpga/platform/chip/bcpu/lib/libbcpu_cool_profile.a(spp_DummyPCH_DisAsm.o)
 .data          0xffffffff81c001dc        0x0 /cygdrive/f/coolsand/8808_tcj/soft/build/gallite_fpga/platform/chip/bcpu/lib/libbcpu_cool_profile.a(spp_fcchDetect_filter.o)
 .bss           0xffffffff81c001dc        0x0 /cygdrive/f/coolsand/8808_tcj/soft/build/gallite_fpga/platform/chip/bcpu/lib/libbcpu_cool_profile.a(spp_fcchDetect_filter.o)
 *spal_*.o(.data .data.* .bss .bss.* .scommon COMMON)
 .data          0xffffffff81c001dc        0x0 /cygdrive/f/coolsand/8808_tcj/soft/build/gallite_fpga/platform/chip/bcpu/lib/libbcpu_cool_profile.a(spal_cache.o)
 .bss           0xffffffff81c001dc        0x0 /cygdrive/f/coolsand/8808_tcj/soft/build/gallite_fpga/platform/chip/bcpu/lib/libbcpu_cool_profile.a(spal_cache.o)
 .data          0xffffffff81c001dc        0x0 /cygdrive/f/coolsand/8808_tcj/soft/build/gallite_fpga/platform/chip/bcpu/lib/libbcpu_cool_profile.a(spal_cfg.o)
 .bss           0xffffffff81c001dc        0x0 /cygdrive/f/coolsand/8808_tcj/soft/build/gallite_fpga/platform/chip/bcpu/lib/libbcpu_cool_profile.a(spal_cfg.o)
 .data          0xffffffff81c001dc        0x0 /cygdrive/f/coolsand/8808_tcj/soft/build/gallite_fpga/platform/chip/bcpu/lib/libbcpu_cool_profile.a(spal_debug.o)
 .bss           0xffffffff81c001dc        0x0 /cygdrive/f/coolsand/8808_tcj/soft/build/gallite_fpga/platform/chip/bcpu/lib/libbcpu_cool_profile.a(spal_debug.o)
 .data          0xffffffff81c001dc        0x0 /cygdrive/f/coolsand/8808_tcj/soft/build/gallite_fpga/platform/chip/bcpu/lib/libbcpu_cool_profile.a(spal_irq.o)
 .bss           0xffffffff81c001dc        0x0 /cygdrive/f/coolsand/8808_tcj/soft/build/gallite_fpga/platform/chip/bcpu/lib/libbcpu_cool_profile.a(spal_irq.o)
 .data          0xffffffff81c001dc        0x0 /cygdrive/f/coolsand/8808_tcj/soft/build/gallite_fpga/platform/chip/bcpu/lib/libbcpu_cool_profile.a(spal_irq_handler.o)
 .bss           0xffffffff81c001dc        0x0 /cygdrive/f/coolsand/8808_tcj/soft/build/gallite_fpga/platform/chip/bcpu/lib/libbcpu_cool_profile.a(spal_irq_handler.o)
 .data          0xffffffff81c001dc        0x0 /cygdrive/f/coolsand/8808_tcj/soft/build/gallite_fpga/platform/chip/bcpu/lib/libbcpu_cool_profile.a(spal_itlv.o)
 .bss           0xffffffff81c001dc        0x0 /cygdrive/f/coolsand/8808_tcj/soft/build/gallite_fpga/platform/chip/bcpu/lib/libbcpu_cool_profile.a(spal_itlv.o)
 .data          0xffffffff81c001dc        0x0 /cygdrive/f/coolsand/8808_tcj/soft/build/gallite_fpga/platform/chip/bcpu/lib/libbcpu_cool_profile.a(spal_version.o)
 .bss           0xffffffff81c001dc        0x0 /cygdrive/f/coolsand/8808_tcj/soft/build/gallite_fpga/platform/chip/bcpu/lib/libbcpu_cool_profile.a(spal_version.o)
 .data          0xffffffff81c001dc        0x0 /cygdrive/f/coolsand/8808_tcj/soft/build/gallite_fpga/platform/chip/bcpu/lib/libbcpu_cool_profile.a(spal_vitac.o)
 .bss           0xffffffff81c001dc        0x0 /cygdrive/f/coolsand/8808_tcj/soft/build/gallite_fpga/platform/chip/bcpu/lib/libbcpu_cool_profile.a(spal_vitac.o)
 .data          0xffffffff81c001dc        0x0 /cygdrive/f/coolsand/8808_tcj/soft/build/gallite_fpga/platform/chip/bcpu/lib/libbcpu_cool_profile.a(spal_xcor.o)
 .bss           0xffffffff81c001dc        0x8 /cygdrive/f/coolsand/8808_tcj/soft/build/gallite_fpga/platform/chip/bcpu/lib/libbcpu_cool_profile.a(spal_xcor.o)
 .data          0xffffffff81c001e4        0x0 /cygdrive/f/coolsand/8808_tcj/soft/build/gallite_fpga/platform/chip/bcpu/lib/libbcpu_cool_profile.a(spal_XcorFchFilterAsm.o)
 .bss           0xffffffff81c001e4        0x0 /cygdrive/f/coolsand/8808_tcj/soft/build/gallite_fpga/platform/chip/bcpu/lib/libbcpu_cool_profile.a(spal_XcorFchFilterAsm.o)
 .data          0xffffffff81c001e4        0x0 /cygdrive/f/coolsand/8808_tcj/soft/build/gallite_fpga/platform/chip/bcpu/lib/libbcpu_cool_profile.a(spal_cap_cp2.o)
 .bss           0xffffffff81c001e4        0x0 /cygdrive/f/coolsand/8808_tcj/soft/build/gallite_fpga/platform/chip/bcpu/lib/libbcpu_cool_profile.a(spal_cap_cp2.o)
 .data          0xffffffff81c001e4        0x0 /cygdrive/f/coolsand/8808_tcj/soft/build/gallite_fpga/platform/chip/bcpu/lib/libbcpu_cool_profile.a(spal_cipher.o)
 .bss           0xffffffff81c001e4        0x0 /cygdrive/f/coolsand/8808_tcj/soft/build/gallite_fpga/platform/chip/bcpu/lib/libbcpu_cool_profile.a(spal_cipher.o)
 .data          0xffffffff81c001e4        0x0 /cygdrive/f/coolsand/8808_tcj/soft/build/gallite_fpga/platform/chip/bcpu/lib/libbcpu_cool_profile.a(spal_cordic.o)
 .bss           0xffffffff81c001e4        0x0 /cygdrive/f/coolsand/8808_tcj/soft/build/gallite_fpga/platform/chip/bcpu/lib/libbcpu_cool_profile.a(spal_cordic.o)
 .data          0xffffffff81c001e4        0x0 /cygdrive/f/coolsand/8808_tcj/soft/build/gallite_fpga/platform/chip/bcpu/lib/libbcpu_cool_profile.a(spal_gdb.o)
 .bss           0xffffffff81c001e4        0x0 /cygdrive/f/coolsand/8808_tcj/soft/build/gallite_fpga/platform/chip/bcpu/lib/libbcpu_cool_profile.a(spal_gdb.o)
 .data          0xffffffff81c001e4        0x0 /cygdrive/f/coolsand/8808_tcj/soft/build/gallite_fpga/platform/chip/bcpu/lib/libbcpu_cool_profile.a(spal_gdb_stub.o)
 .bss           0xffffffff81c001e4        0x0 /cygdrive/f/coolsand/8808_tcj/soft/build/gallite_fpga/platform/chip/bcpu/lib/libbcpu_cool_profile.a(spal_gdb_stub.o)
 .data          0xffffffff81c001e4        0x0 /cygdrive/f/coolsand/8808_tcj/soft/build/gallite_fpga/platform/chip/bcpu/lib/libbcpu_cool_profile.a(spal_ifc.o)
 .bss           0xffffffff81c001e4        0x0 /cygdrive/f/coolsand/8808_tcj/soft/build/gallite_fpga/platform/chip/bcpu/lib/libbcpu_cool_profile.a(spal_ifc.o)
 *spc_*.o(.data .data.* .bss .bss.* .scommon COMMON)
 .data          0xffffffff81c001e4        0x0 /cygdrive/f/coolsand/8808_tcj/soft/build/gallite_fpga/platform/chip/bcpu/lib/libbcpu_cool_profile.a(spc_amr_rx.o)
 .bss           0xffffffff81c001e4        0x0 /cygdrive/f/coolsand/8808_tcj/soft/build/gallite_fpga/platform/chip/bcpu/lib/libbcpu_cool_profile.a(spc_amr_rx.o)
 .data          0xffffffff81c001e4        0x0 /cygdrive/f/coolsand/8808_tcj/soft/build/gallite_fpga/platform/chip/bcpu/lib/libbcpu_cool_profile.a(spc_amr_tx.o)
 .bss           0xffffffff81c001e4        0x0 /cygdrive/f/coolsand/8808_tcj/soft/build/gallite_fpga/platform/chip/bcpu/lib/libbcpu_cool_profile.a(spc_amr_tx.o)
 .data          0xffffffff81c001e4        0x0 /cygdrive/f/coolsand/8808_tcj/soft/build/gallite_fpga/platform/chip/bcpu/lib/libbcpu_cool_profile.a(spc_irq_handler.o)
 .bss           0xffffffff81c001e4        0x1 /cygdrive/f/coolsand/8808_tcj/soft/build/gallite_fpga/platform/chip/bcpu/lib/libbcpu_cool_profile.a(spc_irq_handler.o)
                0xffffffff81c001e4                g_spcIfc2Done
 .data          0xffffffff81c001e5        0x0 /cygdrive/f/coolsand/8808_tcj/soft/build/gallite_fpga/platform/chip/bcpu/lib/libbcpu_cool_profile.a(spc_mailbox.o)
 .bss           0xffffffff81c001e5        0x0 /cygdrive/f/coolsand/8808_tcj/soft/build/gallite_fpga/platform/chip/bcpu/lib/libbcpu_cool_profile.a(spc_mailbox.o)
 .data          0xffffffff81c001e5        0x0 /cygdrive/f/coolsand/8808_tcj/soft/build/gallite_fpga/platform/chip/bcpu/lib/libbcpu_cool_profile.a(spc_rx.o)
 .bss           0xffffffff81c001e5        0x0 /cygdrive/f/coolsand/8808_tcj/soft/build/gallite_fpga/platform/chip/bcpu/lib/libbcpu_cool_profile.a(spc_rx.o)
 .data          0xffffffff81c001e5        0x0 /cygdrive/f/coolsand/8808_tcj/soft/build/gallite_fpga/platform/chip/bcpu/lib/libbcpu_cool_profile.a(spc_scheduler.o)
 .bss           0xffffffff81c001e5        0x0 /cygdrive/f/coolsand/8808_tcj/soft/build/gallite_fpga/platform/chip/bcpu/lib/libbcpu_cool_profile.a(spc_scheduler.o)
 *fill*         0xffffffff81c001e5        0x3 00
 .scommon       0xffffffff81c001e8        0x4 /cygdrive/f/coolsand/8808_tcj/soft/build/gallite_fpga/platform/chip/bcpu/lib/libbcpu_cool_profile.a(spc_scheduler.o)
                0xffffffff81c001e8                g_spcRxSlotNb
 .data          0xffffffff81c001ec        0x0 /cygdrive/f/coolsand/8808_tcj/soft/build/gallite_fpga/platform/chip/bcpu/lib/libbcpu_cool_profile.a(spc_tables.o)
 .bss           0xffffffff81c001ec        0x0 /cygdrive/f/coolsand/8808_tcj/soft/build/gallite_fpga/platform/chip/bcpu/lib/libbcpu_cool_profile.a(spc_tables.o)
 .data          0xffffffff81c001ec        0x0 /cygdrive/f/coolsand/8808_tcj/soft/build/gallite_fpga/platform/chip/bcpu/lib/libbcpu_cool_profile.a(spc_tx.o)
 .bss           0xffffffff81c001ec        0x0 /cygdrive/f/coolsand/8808_tcj/soft/build/gallite_fpga/platform/chip/bcpu/lib/libbcpu_cool_profile.a(spc_tx.o)
 .data          0xffffffff81c001ec        0x0 /cygdrive/f/coolsand/8808_tcj/soft/build/gallite_fpga/platform/chip/bcpu/lib/libbcpu_cool_profile.a(spc_version.o)
 .bss           0xffffffff81c001ec        0x0 /cygdrive/f/coolsand/8808_tcj/soft/build/gallite_fpga/platform/chip/bcpu/lib/libbcpu_cool_profile.a(spc_version.o)
 *bcpu_*.o(.data .data.* .bss .bss.* .scommon COMMON)
 .data          0xffffffff81c001ec        0x0 /cygdrive/f/coolsand/8808_tcj/soft/build/gallite_fpga/platform/chip/bcpu/lib/libbcpu_cool_profile.a(bcpu_rom.o)
 .bss           0xffffffff81c001ec        0x0 /cygdrive/f/coolsand/8808_tcj/soft/build/gallite_fpga/platform/chip/bcpu/lib/libbcpu_cool_profile.a(bcpu_rom.o)
 .data          0xffffffff81c001ec        0x0 /cygdrive/f/coolsand/8808_tcj/soft/build/gallite_fpga/platform/chip/bcpu/lib/libbcpu_cool_profile.a(bcpu_ram.o)
 .bss           0xffffffff81c001ec        0x0 /cygdrive/f/coolsand/8808_tcj/soft/build/gallite_fpga/platform/chip/bcpu/lib/libbcpu_cool_profile.a(bcpu_ram.o)
                0xffffffff81c001ec                _int_sram_romed_for_bcpu_end = .
                0xffffffff81c001ec                __int_rom_reserved_end = .
                0x0000000000000001                ASSERT ((ABSOLUTE (__int_rom_reserved_end) <= 0xffffffff81c00280), Reserved Ram Reserved for Rom Overflowed)

.bbsram         0xffffffff81980000     0x1400
                0xffffffff81980000                _bb_sram_romed_start = .
                0xffffffff81980000                _bb_sram_romed_cached_start = .
 *(BB_ITLV_SECTION)
 BB_ITLV_SECTION
                0xffffffff81980000      0xf20 /cygdrive/f/coolsand/8808_tcj/soft/build/gallite_fpga/platform/chip/bcpu/lib/libbcpu_cool_profile.a(spc_scheduler.o)
                0xffffffff81980000                g_spcItlvBufTab
                0xffffffff81980f20                . = ALIGN (0x4)
                0xffffffff81980f20                _bb_sram_romed_itlv_buf_end = .
 *(BB_SPC_CTX_SECTION)
 BB_SPC_CTX_SECTION
                0xffffffff81980f20      0x4d4 /cygdrive/f/coolsand/8808_tcj/soft/build/gallite_fpga/platform/chip/bcpu/lib/libbcpu_cool_profile.a(spc_scheduler.o)
                0xffffffff81980f20                g_spcCtxStruct
                0xffffffff81981400                . = ALIGN (0x10)
 *fill*         0xffffffff819813f4        0xc 00
                0xffffffff81981400                _bb_sram_romed_cached_end = .
                0x0000000000001400                _bb_sram_romed_cached_size = (_bb_sram_romed_cached_end - _bb_sram_romed_cached_start)
                0xffffffffa1981400                . = (. + 0x20000000)

.bbsramu        0xffffffffa1981400     0x1aa0
                0xffffffffa1981400                _bb_sram_romed_uncached_start = .
                0xffffffffa1981400                . = ALIGN (0x10)
                0xffffffffa1981400                _mbbsramu = .
 *(BB_STATIC_SECTION)
 BB_STATIC_SECTION
                0xffffffffa1981400     0x1aa0 /cygdrive/f/coolsand/8808_tcj/soft/build/gallite_fpga/platform/chip/bcpu/lib/libbcpu_cool_profile.a(spc_scheduler.o)
                0xffffffffa1981400                g_spcStaticBufTab
                0xffffffffa1982ea0                . = ALIGN (0x10)
                0xffffffffa1982ea0                _bb_sram_romed_uncached_end = .
                0x0000000000001aa0                _bb_sram_romed_uncached_size = (_bb_sram_romed_uncached_end - _bb_sram_romed_uncached_start)
                0x0000000000002ea0                _bb_sram_romed_size = (_bb_sram_romed_cached_size + _bb_sram_romed_uncached_size)
                0xffffffff81982ea0                _bb_sram_romed_end = (_bb_sram_romed_start + _bb_sram_romed_size)

.bbsram_globals
                0xffffffff81983e70      0x17c
                0xffffffff81983e70                _bb_sram_romed_globals_start = .
 *(BB_SRAM_GLOBALS)
 BB_SRAM_GLOBALS
                0xffffffff81983e70       0x14 /cygdrive/f/coolsand/8808_tcj/soft/build/gallite_fpga/platform/chip/bcpu/lib/libbcpu_cool_profile.a(bcpu_ram.o)
                0xffffffff81983e70                bcpu_error_code
                0xffffffff81983e74                bcpu_error_status
                0xffffffff81983e78                bcpu_sp_context
                0xffffffff81983e7c                bcpu_stack_base
                0xffffffff81983e80                bcpu_main_entry
 *(.bbsram_globals)
 .bbsram_globals
                0xffffffff81983e84        0x4 /cygdrive/f/coolsand/8808_tcj/soft/build/gallite_fpga/platform/chip/bcpu/lib/libbcpu_cool_profile.a(spal_irq.o)
                0xffffffff81983e84                g_spalIrqRegistry
 .bbsram_globals
                0xffffffff81983e88       0x18 /cygdrive/f/coolsand/8808_tcj/soft/build/gallite_fpga/platform/chip/bcpu/lib/libbcpu_cool_profile.a(spal_xcor.o)
 .bbsram_globals
                0xffffffff81983ea0        0x8 /cygdrive/f/coolsand/8808_tcj/soft/build/gallite_fpga/platform/chip/bcpu/lib/libbcpu_cool_profile.a(spc_amr_tx.o)
                0xffffffff81983ea0                g_spcAmrState
 .bbsram_globals
                0xffffffff81983ea8       0xec /cygdrive/f/coolsand/8808_tcj/soft/build/gallite_fpga/platform/chip/bcpu/lib/libbcpu_cool_profile.a(spc_tx.o)
                0xffffffff81983ea8                g_spcSwTxFifo
 .bbsram_globals
                0xffffffff81983f94       0x20 /cygdrive/f/coolsand/8808_tcj/soft/build/gallite_fpga/platform/chip/bcpu/lib/libbcpu_cool_profile.a(spp_cfg.o)
                0xffffffff81983f94                g_sppGlobalParams
 .bbsram_globals
                0xffffffff81983fb4       0x2c /cygdrive/f/coolsand/8808_tcj/soft/build/gallite_fpga/platform/chip/bcpu/lib/libbcpu_cool_profile.a(spp_gsm_rx.o)
 .bbsram_globals
                0xffffffff81983fe0        0x1 /cygdrive/f/coolsand/8808_tcj/soft/build/gallite_fpga/platform/chip/bcpu/lib/libbcpu_cool_profile.a(spp_misc.o)
                0xffffffff81983fe0                g_sppFullBurstReady
 *fill*         0xffffffff81983fe1        0x3 00
 .bbsram_globals
                0xffffffff81983fe4        0x8 /cygdrive/f/coolsand/8808_tcj/soft/build/gallite_fpga/platform/chip/bcpu/lib/libbcpu_cool_profile.a(spal_gdb_stub.o)
                0xffffffff81983fe4                spal_GdbGData
                0xffffffff81983fec                _bb_sram_romed_globals_end = .
                0x0000000000000001                ASSERT ((SIZEOF (.bbsram_globals) <= 0x190), BBSRAM Overflozed !!)

.dualport_nand_flash_boot
                0xffffffff81b00000        0x0
                0xffffffff81b00000                _nand_flash_boot_start = .

.mailbox        0xffffffffa1b07d80      0x260
                0xffffffffa1b07d80                _sys_sram_romed_mbx_start = .
 *spc_mailbox.o(.mailbox)
 .mailbox       0xffffffffa1b07d80      0x260 /cygdrive/f/coolsand/8808_tcj/soft/build/gallite_fpga/platform/chip/bcpu/lib/libbcpu_cool_profile.a(spc_mailbox.o)
                0xffffffffa1b07d80                g_mailbox
                0xffffffffa1b07fe0                . = ALIGN (0x10)
                0x0000000000000001                ASSERT ((SIZEOF (.mailbox) <= 0x280), Mailbox Overlfowed !!)

.sram_romed_top
                0xffffffff81c0fffc        0x0
                0xffffffff81c0fffc                _sys_sram_non_romed_top = .

.boot_rom_version_number
                0xffffffff81e17ff8        0x4
                0xffffffff81e17ff8                _int_rom_version_number = .
 *(.boot_rom_version_number)
 .boot_rom_version_number
                0xffffffff81e17ff8        0x4 /cygdrive/f/coolsand/8808_tcj/soft/build/gallite_fpga/platform/chip/boot/lib/libboot_cool_profile.a(boot_rom_version.o)
                0xffffffff81e17ff8                g_bootRomVersionNumber

.internal_rom.crc
                0xffffffff81e17ffc        0x4
                0xffffffff81e17ffc                __int_rom_crc = .
                0xffffffff81e17ffc        0x4 LONG 0xc001c001

/DISCARD/
 *.o()
START GROUP
LOAD /cygdrive/f/coolsand/8808_tcj/soft/build/gallite_fpga/target/lib/libtarget_cool_profile.a
LOAD /cygdrive/f/coolsand/8808_tcj/soft/build/gallite_fpga/platform/base/std/lib/libstd_cool_profile.a
LOAD /cygdrive/f/coolsand/8808_tcj/soft/build/gallite_fpga/platform/chip/bcpu/lib/libbcpu_cool_profile.a
LOAD /cygdrive/f/coolsand/8808_tcj/soft/build/gallite_fpga/platform/chip/boot/lib/libboot_cool_profile.a
END GROUP
LOAD /cygdrive/f/coolsand/8808_tcj/soft/env/lib/gcc/mips-elf/4.4.2//libgcc.a
OUTPUT(/cygdrive/f/coolsand/8808_tcj/soft/build/gallite_fpga/platform_test/rom/int_rom_programmer/int_rom_programmer_gallite_fpga_cool_profile.elf elf32-littlemips)
